Tue Feb 09 2021 12:07:47 GMT-0500 (Eastern Standard Time)
